[coderthemes.com/upvex/layouts/dark/index.html]
[backblue.gif]
[fade.gif]
[index.html]
[coderthemes.com/upvex/layouts/dark/assets/images/favicon.ico]
[coderthemes.com/upvex/layouts/dark/assets/libs/jquery-vectormap/jquery-jvectormap-1.2.2.css]
[coderthemes.com/upvex/layouts/dark/assets/css/bootstrap.min.css]
[coderthemes.com/upvex/layouts/dark/assets/css/icons.min.css]
[coderthemes.com/upvex/layouts/dark/assets/css/app.min.css]
[coderthemes.com/upvex/layouts/dark/assets/images/users/user-1.jpg]
[coderthemes.com/upvex/layouts/dark/assets/images/users/user-4.jpg]
[coderthemes.com/upvex/layouts/dark/assets/images/logo-light.png]
[coderthemes.com/upvex/layouts/dark/assets/images/logo-sm.png]
[coderthemes.com/upvex/layouts/dark/dashboard-2.html]
[coderthemes.com/upvex/layouts/dark/apps-calendar.html]
[coderthemes.com/upvex/layouts/dark/apps-contacts.html]
[coderthemes.com/upvex/layouts/dark/apps-tickets.html]
[coderthemes.com/upvex/layouts/dark/layouts-sidebar-sm.html]
[coderthemes.com/upvex/layouts/dark/layouts-light-sidebar.html]
[coderthemes.com/upvex/layouts/dark/layouts-dark-topbar.html]
[coderthemes.com/upvex/layouts/dark/layouts-preloader.html]
[coderthemes.com/upvex/layouts/dark/layouts-sidebar-collapsed.html]
[coderthemes.com/upvex/layouts/dark/layouts-boxed.html]
[coderthemes.com/upvex/layouts/dark/email-inbox.html]
[coderthemes.com/upvex/layouts/dark/email-read.html]
[coderthemes.com/upvex/layouts/dark/email-compose.html]
[coderthemes.com/upvex/layouts/dark/email-templates.html]
[coderthemes.com/upvex/layouts/dark/pages-starter.html]
[coderthemes.com/upvex/layouts/dark/pages-login.html]
[coderthemes.com/upvex/layouts/dark/pages-register.html]
[coderthemes.com/upvex/layouts/dark/pages-recoverpw.html]
[coderthemes.com/upvex/layouts/dark/pages-lock-screen.html]
[coderthemes.com/upvex/layouts/dark/pages-logout.html]
[coderthemes.com/upvex/layouts/dark/pages-confirm-mail.html]
[coderthemes.com/upvex/layouts/dark/pages-404.html]
[coderthemes.com/upvex/layouts/dark/pages-404-alt.html]
[coderthemes.com/upvex/layouts/dark/pages-500.html]
[coderthemes.com/upvex/layouts/dark/extras-profile.html]
[coderthemes.com/upvex/layouts/dark/extras-timeline.html]
[coderthemes.com/upvex/layouts/dark/extras-invoice.html]
[coderthemes.com/upvex/layouts/dark/extras-faqs.html]
[coderthemes.com/upvex/layouts/dark/extras-pricing.html]
[coderthemes.com/upvex/layouts/dark/extras-maintenance.html]
[coderthemes.com/upvex/layouts/dark/extras-coming-soon.html]
[coderthemes.com/upvex/layouts/dark/ui-buttons.html]
[coderthemes.com/upvex/layouts/dark/ui-cards.html]
[coderthemes.com/upvex/layouts/dark/ui-tabs-accordions.html]
[coderthemes.com/upvex/layouts/dark/ui-modals.html]
[coderthemes.com/upvex/layouts/dark/ui-progress.html]
[coderthemes.com/upvex/layouts/dark/ui-notifications.html]
[coderthemes.com/upvex/layouts/dark/ui-general.html]
[coderthemes.com/upvex/layouts/dark/ui-typography.html]
[coderthemes.com/upvex/layouts/dark/ui-grid.html]
[coderthemes.com/upvex/layouts/dark/widgets.html]
[coderthemes.com/upvex/layouts/dark/admin-sweet-alert.html]
[coderthemes.com/upvex/layouts/dark/admin-nestable.html]
[coderthemes.com/upvex/layouts/dark/admin-range-slider.html]
[coderthemes.com/upvex/layouts/dark/admin-tour.html]
[coderthemes.com/upvex/layouts/dark/admin-lightbox.html]
[coderthemes.com/upvex/layouts/dark/admin-treeview.html]
[coderthemes.com/upvex/layouts/dark/icons-feather.html]
[coderthemes.com/upvex/layouts/dark/icons-lineawesome.html]
[coderthemes.com/upvex/layouts/dark/icons-mdi.html]
[coderthemes.com/upvex/layouts/dark/icons-font-awesome.html]
[coderthemes.com/upvex/layouts/dark/icons-simple-line.html]
[coderthemes.com/upvex/layouts/dark/forms-elements.html]
[coderthemes.com/upvex/layouts/dark/forms-advanced.html]
[coderthemes.com/upvex/layouts/dark/forms-validation.html]
[coderthemes.com/upvex/layouts/dark/forms-pickers.html]
[coderthemes.com/upvex/layouts/dark/forms-wizard.html]
[coderthemes.com/upvex/layouts/dark/forms-masks.html]
[coderthemes.com/upvex/layouts/dark/forms-summernote.html]
[coderthemes.com/upvex/layouts/dark/forms-quilljs.html]
[coderthemes.com/upvex/layouts/dark/forms-file-uploads.html]
[coderthemes.com/upvex/layouts/dark/tables-basic.html]
[coderthemes.com/upvex/layouts/dark/tables-datatables.html]
[coderthemes.com/upvex/layouts/dark/tables-editable.html]
[coderthemes.com/upvex/layouts/dark/tables-responsive.html]
[coderthemes.com/upvex/layouts/dark/tables-tablesaw.html]
[coderthemes.com/upvex/layouts/dark/charts-apex.html]
[coderthemes.com/upvex/layouts/dark/charts-flot.html]
[coderthemes.com/upvex/layouts/dark/charts-morris.html]
[coderthemes.com/upvex/layouts/dark/charts-chartjs.html]
[coderthemes.com/upvex/layouts/dark/charts-bright.html]
[coderthemes.com/upvex/layouts/dark/charts-chartist.html]
[coderthemes.com/upvex/layouts/dark/charts-peity.html]
[coderthemes.com/upvex/layouts/dark/charts-sparklines.html]
[coderthemes.com/upvex/layouts/dark/charts-knob.html]
[coderthemes.com/upvex/layouts/dark/maps-google.html]
[coderthemes.com/upvex/layouts/dark/maps-vector.html]
[coderthemes.com/upvex/layouts/dark/maps-mapael.html]
[coderthemes.com/upvex/layouts/dark/assets/images/update.svg]
[coderthemes.com/upvex/layouts/dark/assets/images/users/user-2.jpg]
[coderthemes.com/upvex/layouts/dark/assets/images/users/user-3.jpg]
[coderthemes.com/upvex/layouts/dark/assets/images/users/user-5.jpg]
[coderthemes.com/upvex/layouts/dark/assets/images/users/user-6.jpg]
[coderthemes.com/upvex/layouts/dark/assets/js/vendor.min.js]
[coderthemes.com/upvex/layouts/dark/assets/libs/peity/jquery.peity.min.js]
[coderthemes.com/upvex/layouts/dark/assets/libs/jquery-vectormap/jquery-jvectormap-1.2.2.min.js]
[coderthemes.com/upvex/layouts/dark/assets/libs/apexcharts/apexcharts.min.js]
[coderthemes.com/upvex/layouts/dark/assets/libs/jquery-vectormap/jquery-jvectormap-us-merc-en.js]
[coderthemes.com/upvex/layouts/dark/assets/js/pages/dashboard-1.init.js]
[coderthemes.com/upvex/layouts/dark/index.html]
[coderthemes.com/upvex/layouts/dark/assets/libs/jquery-vectormap/jquery-jvectormap-1.2.2.css]
[coderthemes.com/upvex/layouts/dark/assets/js/app.min.js]
[coderthemes.com/upvex/layouts/dark/assets/images/megamenu-bg.png]
[coderthemes.com/upvex/layouts/dark/assets/css/bootstrap.min.css]
[coderthemes.com/upvex/layouts/dark/assets/fonts/materialdesignicons-webfont62bd.eot]
[coderthemes.com/upvex/layouts/dark/assets/fonts/materialdesignicons-webfontd41d.eot]
[coderthemes.com/upvex/layouts/dark/assets/fonts/materialdesignicons-webfont62bd.woff2]
[coderthemes.com/upvex/layouts/dark/assets/fonts/materialdesignicons-webfont62bd.woff]
[coderthemes.com/upvex/layouts/dark/assets/fonts/materialdesignicons-webfont62bd.ttf]
[coderthemes.com/upvex/layouts/dark/assets/fonts/feathere8ab.eot]
[coderthemes.com/upvex/layouts/dark/assets/fonts/feathere8ab.woff]
[coderthemes.com/upvex/layouts/dark/assets/fonts/feathere8ab.ttf]
[coderthemes.com/upvex/layouts/dark/assets/fonts/materialdesignicons-webfont62bd.svg]
[coderthemes.com/upvex/layouts/dark/assets/fonts/feathere8ab.svg]
[coderthemes.com/upvex/layouts/dark/assets/fonts/Simple-Line-Icons4c82.eot]
[coderthemes.com/upvex/layouts/dark/assets/fonts/Simple-Line-Iconsd41d.eot]
[coderthemes.com/upvex/layouts/dark/assets/fonts/Simple-Line-Icons4c82.ttf]
[coderthemes.com/upvex/layouts/dark/assets/fonts/Simple-Line-Icons4c82.woff2]
[coderthemes.com/upvex/layouts/dark/assets/fonts/Simple-Line-Icons4c82.woff]
[coderthemes.com/upvex/layouts/dark/assets/fonts/Simple-Line-Icons4c82.svg]
[coderthemes.com/upvex/layouts/dark/assets/fonts/fa-brands-400.eot]
[coderthemes.com/upvex/layouts/dark/assets/fonts/fa-brands-400d41d.eot]
[coderthemes.com/upvex/layouts/dark/assets/fonts/fa-brands-400.woff2]
[coderthemes.com/upvex/layouts/dark/assets/fonts/fa-brands-400.woff]
[coderthemes.com/upvex/layouts/dark/assets/fonts/fa-brands-400.ttf]
[coderthemes.com/upvex/layouts/dark/assets/fonts/fa-regular-400.eot]
[coderthemes.com/upvex/layouts/dark/assets/fonts/fa-brands-400.svg]
[coderthemes.com/upvex/layouts/dark/assets/fonts/fa-regular-400d41d.eot]
[coderthemes.com/upvex/layouts/dark/assets/fonts/fa-regular-400.woff2]
[coderthemes.com/upvex/layouts/dark/assets/fonts/fa-regular-400.woff]
[coderthemes.com/upvex/layouts/dark/assets/fonts/fa-regular-400.ttf]
[coderthemes.com/upvex/layouts/dark/assets/fonts/fa-regular-400.svg]
[coderthemes.com/upvex/layouts/dark/assets/fonts/fa-solid-900.eot]
[coderthemes.com/upvex/layouts/dark/assets/fonts/fa-solid-900d41d.eot]
[coderthemes.com/upvex/layouts/dark/assets/fonts/fa-solid-900.woff2]
[coderthemes.com/upvex/layouts/dark/assets/fonts/fa-solid-900.woff]
[coderthemes.com/upvex/layouts/dark/assets/fonts/fa-solid-900.ttf]
[coderthemes.com/upvex/layouts/dark/assets/fonts/line-awesomeeb4f.eot]
[coderthemes.com/upvex/layouts/dark/assets/fonts/fa-solid-900.svg]
[coderthemes.com/upvex/layouts/dark/assets/fonts/line-awesome0176.eot]
[coderthemes.com/upvex/layouts/dark/assets/fonts/line-awesomeeb4f.woff2]
[coderthemes.com/upvex/layouts/dark/assets/fonts/line-awesomeeb4f.woff]
[coderthemes.com/upvex/layouts/dark/assets/fonts/line-awesomeeb4f.ttf]
[coderthemes.com/upvex/layouts/dark/assets/css/icons.min.css]
[coderthemes.com/upvex/layouts/dark/assets/css/app.min.css]
[coderthemes.com/upvex/layouts/dark/assets/fonts/line-awesomeeb4f.svg]
[coderthemes.com/upvex/layouts/dark/assets/libs/datatables/dataTables.bootstrap4.css]
[coderthemes.com/upvex/layouts/dark/assets/libs/datatables/responsive.bootstrap4.css]
[coderthemes.com/upvex/layouts/dark/assets/images/cards/visa.png]
[coderthemes.com/upvex/layouts/dark/assets/images/cards/master.png]
[coderthemes.com/upvex/layouts/dark/assets/images/cards/amazon.png]
[coderthemes.com/upvex/layouts/dark/assets/images/cards/american-express.png]
[coderthemes.com/upvex/layouts/dark/assets/images/cards/discover.png]
[coderthemes.com/upvex/layouts/dark/assets/images/users/user-7.jpg]
[coderthemes.com/upvex/layouts/dark/assets/images/users/user-8.jpg]
[coderthemes.com/upvex/layouts/dark/assets/images/users/user-9.jpg]
[coderthemes.com/upvex/layouts/dark/assets/images/users/user-10.jpg]
[coderthemes.com/upvex/layouts/dark/assets/libs/jquery-knob/jquery.knob.min.js]
[coderthemes.com/upvex/layouts/dark/assets/libs/datatables/jquery.dataTables.min.js]
[coderthemes.com/upvex/layouts/dark/assets/libs/datatables/dataTables.bootstrap4.js]
[coderthemes.com/upvex/layouts/dark/assets/libs/datatables/dataTables.responsive.min.js]
[coderthemes.com/upvex/layouts/dark/assets/libs/datatables/responsive.bootstrap4.min.js]
[coderthemes.com/upvex/layouts/dark/dashboard-2.html]
[coderthemes.com/upvex/layouts/dark/assets/js/pages/dashboard-2.init.js]
[coderthemes.com/upvex/layouts/dark/assets/libs/fullcalendar/fullcalendar.min.css]
[coderthemes.com/upvex/layouts/dark/assets/libs/moment/moment.min.js]
[coderthemes.com/upvex/layouts/dark/assets/libs/jquery-ui/jquery-ui.min.js]
[coderthemes.com/upvex/layouts/dark/assets/libs/fullcalendar/fullcalendar.min.js]
[coderthemes.com/upvex/layouts/dark/apps-calendar.html]
[coderthemes.com/upvex/layouts/dark/assets/js/pages/calendar.init.js]
[coderthemes.com/upvex/layouts/dark/assets/libs/custombox/custombox.min.css]
[coderthemes.com/upvex/layouts/dark/apps-contacts.html]
[coderthemes.com/upvex/layouts/dark/assets/libs/custombox/custombox.min.js]
[coderthemes.com/upvex/layouts/dark/apps-tickets.html]
[coderthemes.com/upvex/layouts/dark/layouts-sidebar-sm.html]
[coderthemes.com/upvex/layouts/dark/layouts-light-sidebar.html]
[coderthemes.com/upvex/layouts/dark/layouts-dark-topbar.html]
[coderthemes.com/upvex/layouts/dark/layouts-preloader.html]
[coderthemes.com/upvex/layouts/dark/layouts-sidebar-collapsed.html]
[coderthemes.com/upvex/layouts/dark/layouts-boxed.html]
[coderthemes.com/upvex/layouts/dark/assets/js/pages/tickets.js]
[coderthemes.com/upvex/layouts/dark/email-inbox.html]
[coderthemes.com/upvex/layouts/dark/assets/libs/summernote/summernote-bs4.css]
[coderthemes.com/upvex/layouts/dark/assets/images/attached-files/img-1.jpg]
[coderthemes.com/upvex/layouts/dark/assets/images/attached-files/img-2.jpg]
[coderthemes.com/upvex/layouts/dark/assets/images/attached-files/img-3.jpg]
[coderthemes.com/upvex/layouts/dark/assets/libs/summernote/summernote-bs4.min.js]
[coderthemes.com/upvex/layouts/dark/email-read.html]
[coderthemes.com/upvex/layouts/dark/email-compose.html]
[coderthemes.com/upvex/layouts/dark/email-templates-action.html]
[coderthemes.com/upvex/layouts/dark/assets/images/email/1.png]
[coderthemes.com/upvex/layouts/dark/email-templates-alert.html]
[coderthemes.com/upvex/layouts/dark/assets/images/email/2.png]
[coderthemes.com/upvex/layouts/dark/email-templates-billing.html]
[coderthemes.com/upvex/layouts/dark/assets/images/email/3.png]
[coderthemes.com/upvex/layouts/dark/email-templates.html]
[coderthemes.com/upvex/layouts/dark/pages-starter.html]
[coderthemes.com/upvex/layouts/dark/pages-login.html]
[coderthemes.com/upvex/layouts/dark/pages-register.html]
[coderthemes.com/upvex/layouts/dark/pages-recoverpw.html]
[coderthemes.com/upvex/layouts/dark/pages-lock-screen.html]
[coderthemes.com/upvex/layouts/dark/pages-logout.html]
[coderthemes.com/upvex/layouts/dark/pages-confirm-mail.html]
[coderthemes.com/upvex/layouts/dark/pages-404.html]
[coderthemes.com/upvex/layouts/dark/pages-404-alt.html]
[coderthemes.com/upvex/layouts/dark/pages-500.html]
[coderthemes.com/upvex/layouts/dark/assets/images/error.svg]
[coderthemes.com/upvex/layouts/dark/assets/images/small/img-1.jpg]
[coderthemes.com/upvex/layouts/dark/assets/images/small/img-2.jpg]
[coderthemes.com/upvex/layouts/dark/assets/images/small/img-3.jpg]
[coderthemes.com/upvex/layouts/dark/extras-profile.html]
[coderthemes.com/upvex/layouts/dark/extras-timeline.html]
[coderthemes.com/upvex/layouts/dark/assets/images/logo-dark.png]
[coderthemes.com/upvex/layouts/dark/extras-invoice.html]
[coderthemes.com/upvex/layouts/dark/extras-faqs.html]
[coderthemes.com/upvex/layouts/dark/extras-pricing.html]
[coderthemes.com/upvex/layouts/dark/extras-maintenance.html]
[coderthemes.com/upvex/layouts/dark/assets/images/maintenance.svg]
[coderthemes.com/upvex/layouts/dark/assets/images/maker-launch.svg]
[coderthemes.com/upvex/layouts/dark/assets/libs/jquery-countdown/jquery.countdown.min.js]
[coderthemes.com/upvex/layouts/dark/extras-coming-soon.html]
[coderthemes.com/upvex/layouts/dark/ui-buttons.html]
[coderthemes.com/upvex/layouts/dark/assets/js/pages/coming-soon.init.js]
[coderthemes.com/upvex/layouts/dark/assets/images/small/img-4.jpg]
[coderthemes.com/upvex/layouts/dark/assets/images/small/img-5.jpg]
[coderthemes.com/upvex/layouts/dark/assets/images/small/img-6.jpg]
[coderthemes.com/upvex/layouts/dark/assets/images/small/img-7.jpg]
[coderthemes.com/upvex/layouts/dark/ui-cards.html]
[coderthemes.com/upvex/layouts/dark/ui-tabs-accordions.html]
[coderthemes.com/upvex/layouts/dark/ui-modals.html]
[coderthemes.com/upvex/layouts/dark/ui-progress.html]
[coderthemes.com/upvex/layouts/dark/assets/libs/jquery-toast/jquery.toast.min.css]
[coderthemes.com/upvex/layouts/dark/assets/libs/jquery-toast/jquery.toast.min.js]
[coderthemes.com/upvex/layouts/dark/ui-notifications.html]
[coderthemes.com/upvex/layouts/dark/ui-general.html]
[coderthemes.com/upvex/layouts/dark/ui-typography.html]
[coderthemes.com/upvex/layouts/dark/ui-grid.html]
[coderthemes.com/upvex/layouts/dark/widgets.html]
[coderthemes.com/upvex/layouts/dark/assets/js/pages/toastr.init.js]
[coderthemes.com/upvex/layouts/dark/assets/libs/sweetalert2/sweetalert2.min.css]
[coderthemes.com/upvex/layouts/dark/assets/libs/sweetalert2/sweetalert2.min.js]
[coderthemes.com/upvex/layouts/dark/admin-sweet-alert.html]
[coderthemes.com/upvex/layouts/dark/assets/js/pages/sweet-alerts.init.js]
[coderthemes.com/upvex/layouts/dark/assets/libs/nestable2/jquery.nestable.min.css]
[coderthemes.com/upvex/layouts/dark/assets/libs/nestable2/jquery.nestable.min.js]
[coderthemes.com/upvex/layouts/dark/admin-nestable.html]
[coderthemes.com/upvex/layouts/dark/assets/js/pages/nestable.init.js]
[coderthemes.com/upvex/layouts/dark/assets/libs/ion-rangeslider/ion.rangeSlider.min.css]
[coderthemes.com/upvex/layouts/dark/assets/libs/ion-rangeslider/ion.rangeSlider.min.js]
[coderthemes.com/upvex/layouts/dark/admin-range-slider.html]
[coderthemes.com/upvex/layouts/dark/assets/js/pages/range-sliders.init.js]
[coderthemes.com/upvex/layouts/dark/assets/libs/hopscotch/hopscotch.min.css]
[coderthemes.com/upvex/layouts/dark/assets/libs/hopscotch/hopscotch.min.js]
[coderthemes.com/upvex/layouts/dark/admin-tour.html]
[coderthemes.com/upvex/layouts/dark/assets/js/pages/tour.init.js]
[coderthemes.com/upvex/layouts/dark/assets/libs/magnific-popup/magnific-popup.css]
[coderthemes.com/upvex/layouts/dark/assets/libs/magnific-popup/jquery.magnific-popup.min.js]
[coderthemes.com/upvex/layouts/dark/admin-lightbox.html]
[coderthemes.com/upvex/layouts/dark/assets/js/pages/lightbox.init.js]
[coderthemes.com/upvex/layouts/dark/assets/libs/treeview/style.css]
[coderthemes.com/upvex/layouts/dark/assets/libs/treeview/jstree.min.js]
[coderthemes.com/upvex/layouts/dark/admin-treeview.html]
[coderthemes.com/upvex/layouts/dark/icons-feather.html]
[coderthemes.com/upvex/layouts/dark/icons-lineawesome.html]
[coderthemes.com/upvex/layouts/dark/assets/js/pages/treeview.init.js]
[coderthemes.com/upvex/layouts/dark/icons-mdi.html]
[coderthemes.com/upvex/layouts/dark/icons-font-awesome.html]
[coderthemes.com/upvex/layouts/dark/icons-simple-line.html]
[coderthemes.com/upvex/layouts/dark/forms-elements.html]
[coderthemes.com/upvex/layouts/dark/assets/libs/jquery-nice-select/nice-select.css]
[coderthemes.com/upvex/layouts/dark/assets/libs/switchery/switchery.min.css]
[coderthemes.com/upvex/layouts/dark/assets/libs/select2/select2.min.css]
[coderthemes.com/upvex/layouts/dark/assets/libs/bootstrap-select/bootstrap-select.min.css]
[coderthemes.com/upvex/layouts/dark/assets/libs/bootstrap-touchspin/jquery.bootstrap-touchspin.css]
[coderthemes.com/upvex/layouts/dark/assets/libs/jquery-nice-select/jquery.nice-select.min.js]
[coderthemes.com/upvex/layouts/dark/assets/libs/switchery/switchery.min.js]
[coderthemes.com/upvex/layouts/dark/assets/libs/select2/select2.min.js]
[coderthemes.com/upvex/layouts/dark/assets/libs/bootstrap-select/bootstrap-select.min.js]
[coderthemes.com/upvex/layouts/dark/assets/libs/bootstrap-touchspin/jquery.bootstrap-touchspin.min.js]
[coderthemes.com/upvex/layouts/dark/assets/libs/bootstrap-maxlength/bootstrap-maxlength.min.js]
[coderthemes.com/upvex/layouts/dark/forms-advanced.html]
[coderthemes.com/upvex/layouts/dark/assets/js/pages/form-advanced.init.js]
[coderthemes.com/upvex/layouts/dark/assets/libs/parsleyjs/parsley.min.js]
[coderthemes.com/upvex/layouts/dark/forms-validation.html]
[coderthemes.com/upvex/layouts/dark/assets/js/pages/form-validation.init.js]
[coderthemes.com/upvex/layouts/dark/assets/libs/bootstrap-colorpicker/bootstrap-colorpicker.min.css]
[coderthemes.com/upvex/layouts/dark/assets/libs/clockpicker/bootstrap-clockpicker.min.css]
[coderthemes.com/upvex/layouts/dark/assets/libs/bootstrap-datepicker/bootstrap-datepicker.min.css]
[coderthemes.com/upvex/layouts/dark/assets/libs/daterangepicker/daterangepicker.css]
[coderthemes.com/upvex/layouts/dark/assets/libs/bootstrap-colorpicker/bootstrap-colorpicker.min.js]
[coderthemes.com/upvex/layouts/dark/assets/libs/clockpicker/bootstrap-clockpicker.min.js]
[coderthemes.com/upvex/layouts/dark/assets/libs/bootstrap-datepicker/bootstrap-datepicker.min.js]
[coderthemes.com/upvex/layouts/dark/assets/libs/daterangepicker/daterangepicker.js]
[coderthemes.com/upvex/layouts/dark/forms-pickers.html]
[coderthemes.com/upvex/layouts/dark/assets/js/pages/form-pickers.init.js]
[coderthemes.com/upvex/layouts/dark/assets/libs/twitter-bootstrap-wizard/jquery.bootstrap.wizard.min.js]
[coderthemes.com/upvex/layouts/dark/forms-wizard.html]
[coderthemes.com/upvex/layouts/dark/assets/js/pages/form-wizard.init.js]
[coderthemes.com/upvex/layouts/dark/assets/libs/jquery-mask-plugin/jquery.mask.min.js]
[coderthemes.com/upvex/layouts/dark/assets/libs/autonumeric/autoNumeric-min.js]
[coderthemes.com/upvex/layouts/dark/forms-masks.html]
[coderthemes.com/upvex/layouts/dark/forms-summernote.html]
[coderthemes.com/upvex/layouts/dark/assets/libs/quill/quill.core.css]
[coderthemes.com/upvex/layouts/dark/assets/libs/quill/quill.bubble.css]
[coderthemes.com/upvex/layouts/dark/assets/libs/quill/quill.snow.css]
[coderthemes.com/upvex/layouts/dark/assets/libs/quill/quill.min.js]
[coderthemes.com/upvex/layouts/dark/assets/libs/katex/katex.min.js]
[coderthemes.com/upvex/layouts/dark/forms-quilljs.html]
[coderthemes.com/upvex/layouts/dark/assets/js/pages/form-quilljs.init.js]
[coderthemes.com/upvex/layouts/dark/assets/libs/dropzone/dropzone.min.css]
[coderthemes.com/upvex/layouts/dark/assets/libs/dropzone/dropzone.min.js]
[coderthemes.com/upvex/layouts/dark/forms-file-uploads.html]
[coderthemes.com/upvex/layouts/dark/tables-basic.html]
[coderthemes.com/upvex/layouts/dark/assets/js/pages/form-fileuploads.init.js]
[coderthemes.com/upvex/layouts/dark/assets/libs/datatables/buttons.bootstrap4.css]
[coderthemes.com/upvex/layouts/dark/assets/libs/datatables/select.bootstrap4.css]
[coderthemes.com/upvex/layouts/dark/assets/libs/datatables/dataTables.buttons.min.js]
[coderthemes.com/upvex/layouts/dark/assets/libs/datatables/buttons.bootstrap4.min.js]
[coderthemes.com/upvex/layouts/dark/assets/libs/datatables/buttons.html5.min.js]
[coderthemes.com/upvex/layouts/dark/assets/libs/datatables/buttons.flash.min.js]
[coderthemes.com/upvex/layouts/dark/assets/libs/datatables/buttons.print.min.js]
[coderthemes.com/upvex/layouts/dark/assets/libs/datatables/dataTables.keyTable.min.js]
[coderthemes.com/upvex/layouts/dark/assets/libs/datatables/dataTables.select.min.js]
[coderthemes.com/upvex/layouts/dark/assets/libs/pdfmake/pdfmake.min.js]
[coderthemes.com/upvex/layouts/dark/tables-datatables.html]
[coderthemes.com/upvex/layouts/dark/assets/js/pages/datatables.init.js]
[coderthemes.com/upvex/layouts/dark/assets/libs/jquery-tabledit/jquery.tabledit.min.js]
[coderthemes.com/upvex/layouts/dark/assets/libs/pdfmake/vfs_fonts.js]
[coderthemes.com/upvex/layouts/dark/tables-editable.html]
[coderthemes.com/upvex/layouts/dark/assets/js/pages/tabledit.init.js]
[coderthemes.com/upvex/layouts/dark/assets/libs/rwd-table/rwd-table.min.css]
[coderthemes.com/upvex/layouts/dark/assets/libs/rwd-table/rwd-table.min.js]
[coderthemes.com/upvex/layouts/dark/tables-responsive.html]
[coderthemes.com/upvex/layouts/dark/assets/js/pages/responsive-table.init.js]
[coderthemes.com/upvex/layouts/dark/assets/libs/tablesaw/tablesaw.css]
[coderthemes.com/upvex/layouts/dark/assets/libs/tablesaw/tablesaw.js]
[coderthemes.com/upvex/layouts/dark/tables-tablesaw.html]
[apexcharts.com/samples/assets/irregular-data-series.js]
[apexcharts.com/samples/assets/ohlc.js]
[coderthemes.com/upvex/layouts/dark/charts-apex.html]
[coderthemes.com/upvex/layouts/dark/assets/js/pages/apexcharts.init.js]
[coderthemes.com/upvex/layouts/dark/assets/libs/flot-charts/jquery.flot.js]
[coderthemes.com/upvex/layouts/dark/assets/libs/flot-charts/jquery.flot.time.js]
[coderthemes.com/upvex/layouts/dark/assets/libs/flot-charts/jquery.flot.tooltip.min.js]
[coderthemes.com/upvex/layouts/dark/assets/libs/flot-charts/jquery.flot.resize.js]
[coderthemes.com/upvex/layouts/dark/assets/libs/flot-charts/jquery.flot.pie.js]
[coderthemes.com/upvex/layouts/dark/assets/libs/flot-charts/jquery.flot.selection.js]
[coderthemes.com/upvex/layouts/dark/assets/libs/flot-charts/jquery.flot.stack.js]
[coderthemes.com/upvex/layouts/dark/assets/libs/flot-charts/jquery.flot.orderBars.js]
[coderthemes.com/upvex/layouts/dark/assets/libs/flot-charts/jquery.flot.crosshair.js]
[coderthemes.com/upvex/layouts/dark/charts-flot.html]
[coderthemes.com/upvex/layouts/dark/assets/js/pages/flot.init.js]
[coderthemes.com/upvex/layouts/dark/assets/libs/morris-js/morris.min.js]
[coderthemes.com/upvex/layouts/dark/assets/libs/raphael/raphael.min.js]
[coderthemes.com/upvex/layouts/dark/charts-morris.html]
[coderthemes.com/upvex/layouts/dark/assets/js/pages/morris.init.js]
[coderthemes.com/upvex/layouts/dark/assets/libs/chart-js/Chart.bundle.min.js]
[coderthemes.com/upvex/layouts/dark/charts-chartjs.html]
[coderthemes.com/upvex/layouts/dark/assets/js/pages/chartjs.init.js]
[coderthemes.com/upvex/layouts/dark/assets/libs/britecharts/britecharts.min.css]
[coderthemes.com/upvex/layouts/dark/assets/libs/d3/d3.min.js]
[coderthemes.com/upvex/layouts/dark/charts-bright.html]
[coderthemes.com/upvex/layouts/dark/assets/js/pages/britechart.init.js]
[coderthemes.com/upvex/layouts/dark/assets/libs/britecharts/britecharts.min.js]
[coderthemes.com/upvex/layouts/dark/assets/libs/chartist/chartist.min.css]
[coderthemes.com/upvex/layouts/dark/assets/libs/chartist/chartist.min.js]
[coderthemes.com/upvex/layouts/dark/assets/libs/chartist/chartist-plugin-tooltip.min.js]
[coderthemes.com/upvex/layouts/dark/charts-chartist.html]
[coderthemes.com/upvex/layouts/dark/assets/js/pages/chartist.init.js]
[coderthemes.com/upvex/layouts/dark/charts-peity.html]
[coderthemes.com/upvex/layouts/dark/assets/js/pages/peity.init.js]
[coderthemes.com/upvex/layouts/dark/assets/libs/jquery-sparkline/jquery.sparkline.min.js]
[coderthemes.com/upvex/layouts/dark/charts-sparklines.html]
[coderthemes.com/upvex/layouts/dark/charts-knob.html]
[coderthemes.com/upvex/layouts/dark/assets/js/pages/sparkline.init.js]
[coderthemes.com/upvex/layouts/dark/assets/libs/gmaps/gmaps.min.js]
[coderthemes.com/upvex/layouts/dark/maps-google.html]
[coderthemes.com/upvex/layouts/dark/assets/js/pages/google-maps.init.js]
[coderthemes.com/upvex/layouts/dark/assets/libs/jquery-vectormap/jquery-jvectormap-world-mill-en.js]
[coderthemes.com/upvex/layouts/dark/assets/libs/jquery-vectormap/jquery-jvectormap-au-mill-en.js]
[coderthemes.com/upvex/layouts/dark/assets/libs/jquery-vectormap/jquery-jvectormap-in-mill-en.js]
[coderthemes.com/upvex/layouts/dark/assets/libs/jquery-vectormap/jquery-jvectormap-us-il-chicago-mill-en.js]
[coderthemes.com/upvex/layouts/dark/assets/libs/jquery-vectormap/jquery-jvectormap-uk-mill-en.js]
[coderthemes.com/upvex/layouts/dark/assets/libs/jquery-vectormap/jquery-jvectormap-ca-lcc-en.js]
[coderthemes.com/upvex/layouts/dark/maps-vector.html]
[coderthemes.com/upvex/layouts/dark/assets/js/pages/vector-maps.init.js]
[coderthemes.com/upvex/layouts/dark/assets/libs/jquery-mapael/jquery.mapael.min.js]
[coderthemes.com/upvex/layouts/dark/assets/libs/jquery-mapael/usa_states.min.js]
[coderthemes.com/upvex/layouts/dark/assets/libs/jquery-mapael/world_countries.min.js]
[coderthemes.com/upvex/layouts/dark/maps-mapael.html]
[coderthemes.com/upvex/layouts/dark/assets/images/update.svg]
[coderthemes.com/upvex/layouts/dark/assets/js/vendor.min.js]
[coderthemes.com/upvex/layouts/dark/assets/libs/peity/jquery.peity.min.js]
[coderthemes.com/upvex/layouts/dark/assets/libs/apexcharts/apexcharts.min.js]
[coderthemes.com/upvex/layouts/dark/assets/libs/jquery-vectormap/jquery-jvectormap-1.2.2.min.js]
[coderthemes.com/upvex/layouts/dark/assets/libs/jquery-vectormap/jquery-jvectormap-us-merc-en.js]
[coderthemes.com/upvex/layouts/dark/assets/js/pages/dashboard-1.init.js]
[coderthemes.com/upvex/layouts/dark/assets/js/app.min.js]
[coderthemes.com/upvex/layouts/dark/assets/js/pages/mapeal-maps.init.js]
[coderthemes.com/upvex/layouts/dark/assets/fonts/materialdesignicons-webfont62bd.svg]
[coderthemes.com/upvex/layouts/dark/assets/fonts/feathere8ab.svg]
[coderthemes.com/upvex/layouts/dark/assets/fonts/Simple-Line-Icons4c82.svg]
[coderthemes.com/upvex/layouts/dark/assets/fonts/fa-brands-400.svg]
[coderthemes.com/upvex/layouts/dark/assets/fonts/fa-regular-400.svg]
[coderthemes.com/upvex/layouts/dark/assets/fonts/fa-solid-900.svg]
[coderthemes.com/upvex/layouts/dark/assets/fonts/line-awesomeeb4f.svg]
[coderthemes.com/upvex/layouts/dark/assets/libs/datatables/dataTables.bootstrap4.css]
[coderthemes.com/upvex/layouts/dark/assets/libs/datatables/responsive.bootstrap4.css]
[coderthemes.com/upvex/layouts/dark/assets/libs/jquery-knob/jquery.knob.min.js]
[coderthemes.com/upvex/layouts/dark/assets/libs/datatables/jquery.dataTables.min.js]
[coderthemes.com/upvex/layouts/dark/assets/libs/datatables/dataTables.bootstrap4.js]
[coderthemes.com/upvex/layouts/dark/assets/libs/datatables/dataTables.responsive.min.js]
[coderthemes.com/upvex/layouts/dark/assets/libs/datatables/responsive.bootstrap4.min.js]
[coderthemes.com/upvex/layouts/dark/assets/js/pages/dashboard-2.init.js]
[coderthemes.com/upvex/layouts/dark/assets/libs/fullcalendar/fullcalendar.min.css]
[coderthemes.com/upvex/layouts/dark/assets/libs/moment/moment.min.js]
[coderthemes.com/upvex/layouts/dark/assets/libs/jquery-ui/jquery-ui.min.js]
[coderthemes.com/upvex/layouts/dark/assets/libs/fullcalendar/fullcalendar.min.js]
[coderthemes.com/upvex/layouts/dark/assets/js/pages/calendar.init.js]
[coderthemes.com/upvex/layouts/dark/assets/libs/custombox/custombox.min.css]
[coderthemes.com/upvex/layouts/dark/assets/libs/custombox/custombox.min.js]
[coderthemes.com/upvex/layouts/dark/assets/js/pages/tickets.js]
[coderthemes.com/upvex/layouts/dark/assets/js/pages/inbox.js]
[coderthemes.com/upvex/layouts/dark/assets/libs/summernote/summernote-bs4.css]
[coderthemes.com/upvex/layouts/dark/assets/libs/summernote/summernote-bs4.min.js]
[coderthemes.com/upvex/layouts/dark/assets/js/pages/email-summernote.init.js]
[coderthemes.com/upvex/layouts/dark/email-templates-action.html]
[coderthemes.com/upvex/layouts/dark/email-templates-alert.html]
[coderthemes.com/upvex/layouts/dark/email-templates-billing.html]
[coderthemes.com/upvex/layouts/dark/assets/images/error.svg]
[coderthemes.com/upvex/layouts/dark/assets/images/maintenance.svg]
[coderthemes.com/upvex/layouts/dark/assets/images/maker-launch.svg]
[coderthemes.com/upvex/layouts/dark/assets/libs/jquery-countdown/jquery.countdown.min.js]
[coderthemes.com/upvex/layouts/dark/assets/js/pages/coming-soon.init.js]
[coderthemes.com/upvex/layouts/dark/assets/libs/jquery-toast/jquery.toast.min.css]
[coderthemes.com/upvex/layouts/dark/assets/libs/jquery-toast/jquery.toast.min.js]
[coderthemes.com/upvex/layouts/dark/assets/js/pages/toastr.init.js]
[coderthemes.com/upvex/layouts/dark/assets/libs/sweetalert2/sweetalert2.min.css]
[coderthemes.com/upvex/layouts/dark/assets/libs/sweetalert2/sweetalert2.min.js]
[coderthemes.com/upvex/layouts/dark/assets/js/pages/sweet-alerts.init.js]
[coderthemes.com/upvex/layouts/dark/assets/libs/nestable2/jquery.nestable.min.css]
[coderthemes.com/upvex/layouts/dark/assets/libs/nestable2/jquery.nestable.min.js]
[coderthemes.com/upvex/layouts/dark/assets/js/pages/nestable.init.js]
[coderthemes.com/upvex/layouts/dark/assets/libs/ion-rangeslider/ion.rangeSlider.min.css]
[coderthemes.com/upvex/layouts/dark/assets/libs/ion-rangeslider/ion.rangeSlider.min.js]
[coderthemes.com/upvex/layouts/dark/assets/js/pages/range-sliders.init.js]
[coderthemes.com/upvex/layouts/dark/assets/libs/hopscotch/hopscotch.min.css]
[coderthemes.com/upvex/layouts/dark/assets/libs/hopscotch/hopscotch.min.js]
[coderthemes.com/upvex/layouts/dark/assets/js/pages/tour.init.js]
[coderthemes.com/upvex/layouts/dark/assets/libs/magnific-popup/magnific-popup.css]
[coderthemes.com/upvex/layouts/dark/assets/libs/magnific-popup/jquery.magnific-popup.min.js]
[coderthemes.com/upvex/layouts/dark/assets/js/pages/lightbox.init.js]
[coderthemes.com/upvex/layouts/dark/assets/libs/treeview/style.css]
[coderthemes.com/upvex/layouts/dark/assets/libs/treeview/jstree.min.js]
[coderthemes.com/upvex/layouts/dark/assets/js/pages/treeview.init.js]
[coderthemes.com/upvex/layouts/dark/assets/libs/jquery-nice-select/nice-select.css]
[coderthemes.com/upvex/layouts/dark/assets/libs/switchery/switchery.min.css]
[coderthemes.com/upvex/layouts/dark/assets/libs/select2/select2.min.css]
[coderthemes.com/upvex/layouts/dark/assets/libs/bootstrap-select/bootstrap-select.min.css]
[coderthemes.com/upvex/layouts/dark/assets/libs/bootstrap-touchspin/jquery.bootstrap-touchspin.css]
[coderthemes.com/upvex/layouts/dark/assets/libs/jquery-nice-select/jquery.nice-select.min.js]
[coderthemes.com/upvex/layouts/dark/assets/libs/switchery/switchery.min.js]
[coderthemes.com/upvex/layouts/dark/assets/libs/select2/select2.min.js]
[coderthemes.com/upvex/layouts/dark/assets/libs/bootstrap-select/bootstrap-select.min.js]
[coderthemes.com/upvex/layouts/dark/assets/libs/bootstrap-touchspin/jquery.bootstrap-touchspin.min.js]
[coderthemes.com/upvex/layouts/dark/assets/libs/bootstrap-maxlength/bootstrap-maxlength.min.js]
[coderthemes.com/upvex/layouts/dark/assets/js/pages/form-advanced.init.js]
[coderthemes.com/upvex/layouts/dark/assets/libs/parsleyjs/parsley.min.js]
[coderthemes.com/upvex/layouts/dark/assets/js/pages/form-validation.init.js]
[coderthemes.com/upvex/layouts/dark/assets/libs/bootstrap-colorpicker/bootstrap-colorpicker.min.css]
[coderthemes.com/upvex/layouts/dark/assets/libs/clockpicker/bootstrap-clockpicker.min.css]
[coderthemes.com/upvex/layouts/dark/assets/libs/bootstrap-datepicker/bootstrap-datepicker.min.css]
[coderthemes.com/upvex/layouts/dark/assets/libs/daterangepicker/daterangepicker.css]
[coderthemes.com/upvex/layouts/dark/assets/libs/bootstrap-colorpicker/bootstrap-colorpicker.min.js]
[coderthemes.com/upvex/layouts/dark/assets/libs/clockpicker/bootstrap-clockpicker.min.js]
[coderthemes.com/upvex/layouts/dark/assets/libs/bootstrap-datepicker/bootstrap-datepicker.min.js]
[coderthemes.com/upvex/layouts/dark/assets/libs/daterangepicker/daterangepicker.js]
[coderthemes.com/upvex/layouts/dark/assets/js/pages/form-pickers.init.js]
[coderthemes.com/upvex/layouts/dark/assets/libs/twitter-bootstrap-wizard/jquery.bootstrap.wizard.min.js]
[coderthemes.com/upvex/layouts/dark/assets/js/pages/form-wizard.init.js]
[coderthemes.com/upvex/layouts/dark/assets/libs/jquery-mask-plugin/jquery.mask.min.js]
[coderthemes.com/upvex/layouts/dark/assets/libs/autonumeric/autoNumeric-min.js]
[coderthemes.com/upvex/layouts/dark/assets/js/pages/form-masks.init.js]
[coderthemes.com/upvex/layouts/dark/assets/js/pages/form-summernote.init.js]
[coderthemes.com/upvex/layouts/dark/assets/libs/quill/quill.core.css]
[coderthemes.com/upvex/layouts/dark/assets/libs/quill/quill.bubble.css]
[coderthemes.com/upvex/layouts/dark/assets/libs/quill/quill.snow.css]
[coderthemes.com/upvex/layouts/dark/assets/libs/katex/katex.min.js]
[coderthemes.com/upvex/layouts/dark/assets/libs/quill/quill.min.js]
[coderthemes.com/upvex/layouts/dark/assets/js/pages/form-quilljs.init.js]
[coderthemes.com/upvex/layouts/dark/assets/libs/dropzone/dropzone.min.css]
[coderthemes.com/upvex/layouts/dark/assets/libs/dropzone/dropzone.min.js]
[coderthemes.com/upvex/layouts/dark/assets/js/pages/form-fileuploads.init.js]
[coderthemes.com/upvex/layouts/dark/assets/libs/datatables/buttons.bootstrap4.css]
[coderthemes.com/upvex/layouts/dark/assets/libs/datatables/select.bootstrap4.css]
[coderthemes.com/upvex/layouts/dark/assets/libs/datatables/dataTables.buttons.min.js]
[coderthemes.com/upvex/layouts/dark/assets/libs/datatables/buttons.bootstrap4.min.js]
[coderthemes.com/upvex/layouts/dark/assets/libs/datatables/buttons.html5.min.js]
[coderthemes.com/upvex/layouts/dark/assets/libs/datatables/buttons.flash.min.js]
[coderthemes.com/upvex/layouts/dark/assets/libs/datatables/buttons.print.min.js]
[coderthemes.com/upvex/layouts/dark/assets/libs/datatables/dataTables.keyTable.min.js]
[coderthemes.com/upvex/layouts/dark/assets/libs/datatables/dataTables.select.min.js]
[coderthemes.com/upvex/layouts/dark/assets/libs/pdfmake/pdfmake.min.js]
[coderthemes.com/upvex/layouts/dark/assets/libs/pdfmake/vfs_fonts.js]
[coderthemes.com/upvex/layouts/dark/assets/js/pages/datatables.init.js]
[coderthemes.com/upvex/layouts/dark/assets/libs/jquery-tabledit/jquery.tabledit.min.js]
[coderthemes.com/upvex/layouts/dark/assets/js/pages/tabledit.init.js]
[coderthemes.com/upvex/layouts/dark/assets/libs/rwd-table/rwd-table.min.css]
[coderthemes.com/upvex/layouts/dark/assets/libs/rwd-table/rwd-table.min.js]
[coderthemes.com/upvex/layouts/dark/assets/js/pages/responsive-table.init.js]
[coderthemes.com/upvex/layouts/dark/assets/libs/tablesaw/tablesaw.css]
[coderthemes.com/upvex/layouts/dark/assets/libs/tablesaw/tablesaw.js]
[coderthemes.com/upvex/layouts/dark/assets/js/pages/tablesaw.init.js]
[apexcharts.com/samples/assets/series1000.js]
[coderthemes.com/upvex/layouts/dark/assets/js/pages/apexcharts.init.js]
[coderthemes.com/upvex/layouts/dark/assets/libs/flot-charts/jquery.flot.js]
[coderthemes.com/upvex/layouts/dark/assets/libs/flot-charts/jquery.flot.time.js]
[coderthemes.com/upvex/layouts/dark/assets/libs/flot-charts/jquery.flot.tooltip.min.js]
[coderthemes.com/upvex/layouts/dark/assets/libs/flot-charts/jquery.flot.resize.js]
[coderthemes.com/upvex/layouts/dark/assets/libs/flot-charts/jquery.flot.pie.js]
[coderthemes.com/upvex/layouts/dark/assets/libs/flot-charts/jquery.flot.selection.js]
[coderthemes.com/upvex/layouts/dark/assets/libs/flot-charts/jquery.flot.stack.js]
[coderthemes.com/upvex/layouts/dark/assets/libs/flot-charts/jquery.flot.orderBars.js]
[coderthemes.com/upvex/layouts/dark/assets/libs/flot-charts/jquery.flot.crosshair.js]
[coderthemes.com/upvex/layouts/dark/assets/js/pages/flot.init.js]
[coderthemes.com/upvex/layouts/dark/assets/libs/morris-js/morris.min.js]
[coderthemes.com/upvex/layouts/dark/assets/libs/raphael/raphael.min.js]
[coderthemes.com/upvex/layouts/dark/assets/js/pages/morris.init.js]
[coderthemes.com/upvex/layouts/dark/assets/libs/chart-js/Chart.bundle.min.js]
[coderthemes.com/upvex/layouts/dark/assets/js/pages/chartjs.init.js]
[coderthemes.com/upvex/layouts/dark/assets/libs/britecharts/britecharts.min.css]
[coderthemes.com/upvex/layouts/dark/assets/libs/d3/d3.min.js]
[coderthemes.com/upvex/layouts/dark/assets/libs/britecharts/britecharts.min.js]
[coderthemes.com/upvex/layouts/dark/assets/js/pages/britechart.init.js]
[coderthemes.com/upvex/layouts/dark/assets/libs/chartist/chartist.min.css]
[coderthemes.com/upvex/layouts/dark/assets/libs/chartist/chartist.min.js]
[coderthemes.com/upvex/layouts/dark/assets/libs/chartist/chartist-plugin-tooltip.min.js]
[coderthemes.com/upvex/layouts/dark/assets/js/pages/chartist.init.js]
[coderthemes.com/upvex/layouts/dark/assets/js/pages/peity.init.js]
[coderthemes.com/upvex/layouts/dark/assets/libs/jquery-sparkline/jquery.sparkline.min.js]
[coderthemes.com/upvex/layouts/dark/assets/js/pages/sparkline.init.js]
[coderthemes.com/upvex/layouts/dark/assets/libs/gmaps/gmaps.min.js]
[coderthemes.com/upvex/layouts/dark/assets/js/pages/google-maps.init.js]
[coderthemes.com/upvex/layouts/dark/assets/libs/jquery-vectormap/jquery-jvectormap-world-mill-en.js]
[coderthemes.com/upvex/layouts/dark/assets/libs/jquery-vectormap/jquery-jvectormap-in-mill-en.js]
[coderthemes.com/upvex/layouts/dark/assets/libs/jquery-vectormap/jquery-jvectormap-au-mill-en.js]
[coderthemes.com/upvex/layouts/dark/assets/libs/jquery-vectormap/jquery-jvectormap-us-il-chicago-mill-en.js]
[coderthemes.com/upvex/layouts/dark/assets/libs/jquery-vectormap/jquery-jvectormap-uk-mill-en.js]
[coderthemes.com/upvex/layouts/dark/assets/libs/jquery-vectormap/jquery-jvectormap-ca-lcc-en.js]
[coderthemes.com/upvex/layouts/dark/assets/js/pages/vector-maps.init.js]
[coderthemes.com/upvex/layouts/dark/assets/libs/jquery-mapael/jquery.mapael.min.js]
[coderthemes.com/upvex/layouts/dark/assets/libs/jquery-mapael/world_countries.min.js]
[coderthemes.com/upvex/layouts/dark/assets/libs/jquery-mapael/usa_states.min.js]
[coderthemes.com/upvex/layouts/dark/assets/js/pages/mapeal-maps.init.js]
[coderthemes.com/upvex/layouts/dark/Trident/index.html]
[coderthemes.com/upvex/layouts/dark/Edge/index.html]
[coderthemes.com/upvex/layouts/dark/GET.html]
[coderthemes.com/upvex/layouts/dark/assets/libs/summernote/font/summernote64fe.html]
[coderthemes.com/upvex/layouts/dark/assets/libs/summernote/font/summernote64fe-2.html]
[coderthemes.com/upvex/layouts/dark/assets/libs/summernote/font/summernote64fe-3.html]
[coderthemes.com/upvex/layouts/dark/assets/libs/img/sprite-green.html]
[coderthemes.com/upvex/layouts/dark/assets/libs/treeview/32px.html]
[coderthemes.com/upvex/layouts/dark/assets/libs/treeview/throbber.html]
[coderthemes.com/upvex/layouts/dark/assets/libs/treeview/40px.html]
[coderthemes.com/upvex/layouts/dark/blots/index.html]
[coderthemes.com/upvex/layouts/dark/formats/index.html]
[coderthemes.com/upvex/layouts/dark/xl/worksheets/sheet1.html]
[coderthemes.com/upvex/layouts/dark/xl/workbook.html]
[coderthemes.com/upvex/layouts/dark/xl/styles.html]
[coderthemes.com/upvex/layouts/dark/[Content_Types].html]
[coderthemes.com/upvex/layouts/dark/buttons.html]
[coderthemes.com/upvex/layouts/dark/ABCDEFGHIJKLMNOPQRSTUVWXYZabcdefghijklmnopqrstuvwxyz0123456789+/index.html]
[coderthemes.com/upvex/layouts/dark/HEAD.html]
